[gpuc3:632949] Read -1, expected 1800000000, errno = 14
[gpuc3:632947] *** Process received signal ***
[gpuc3:632947] Signal: Segmentation fault (11)
[gpuc3:632947] Signal code: Address not mapped (1)
[gpuc3:632947] Failing at address: 0x7cd2dab3a410
[gpuc3:632947] [ 0] /lib/x86_64-linux-gnu/libc.so.6(+0x45320)[0x7cd726c45320]
[gpuc3:632947] [ 1] /lib/x86_64-linux-gnu/libc.so.6(+0x188a0d)[0x7cd726d88a0d]
[gpuc3:632947] [ 2] /usr/lib/x86_64-linux-gnu/openmpi/lib/openmpi3/mca_btl_vader.so(+0x3319)[0x7cd72522e319]
[gpuc3:632947] [ 3] /usr/lib/x86_64-linux-gnu/openmpi/lib/openmpi3/mca_pml_ob1.so(mca_pml_ob1_send_request_schedule_once+0x1ba)[0x7cd72506d55a]
[gpuc3:632947] [ 4] /usr/lib/x86_64-linux-gnu/openmpi/lib/openmpi3/mca_pml_ob1.so(mca_pml_ob1_recv_frag_callback_ack+0x211)[0x7cd72506c301]
[gpuc3:632947] [ 5] /usr/lib/x86_64-linux-gnu/openmpi/lib/openmpi3/mca_btl_vader.so(mca_btl_vader_poll_handle_frag+0x95)[0x7cd725232cf5]
[gpuc3:632947] [ 6] /usr/lib/x86_64-linux-gnu/openmpi/lib/openmpi3/mca_btl_vader.so(+0x7fd8)[0x7cd725232fd8]
[gpuc3:632947] [ 7] /lib/x86_64-linux-gnu/libopen-pal.so.40(opal_progress+0x34)[0x7cd726f763b4]
[gpuc3:632947] [ 8] /usr/lib/x86_64-linux-gnu/openmpi/lib/openmpi3/mca_pml_ob1.so(mca_pml_ob1_send+0x2b5)[0x7cd72506b355]
[gpuc3:632947] [ 9] /usr/lib/x86_64-linux-gnu/openmpi/lib/openmpi3/mca_coll_basic.so(mca_coll_basic_scatterv_intra+0xff)[0x7cd72508d32f]
[gpuc3:632947] [10] /lib/x86_64-linux-gnu/libmpi.so.40(MPI_Scatterv+0x181)[0x7cd727556361]
[gpuc3:632947] [11] /home/petert/llm_para_local_evaluation/20260819-003427/validation/black-scholes_qwen3.7-plus_hybrid_r5/black_scholes(+0xb0db)[0x5cc67ed430db]
[gpuc3:632947] [12] /lib/x86_64-linux-gnu/libc.so.6(+0x2a1ca)[0x7cd726c2a1ca]
[gpuc3:632947] [13] /lib/x86_64-linux-gnu/libc.so.6(__libc_start_main+0x8b)[0x7cd726c2a28b]
[gpuc3:632947] [14] /home/petert/llm_para_local_evaluation/20260819-003427/validation/black-scholes_qwen3.7-plus_hybrid_r5/black_scholes(+0xba45)[0x5cc67ed43a45]
[gpuc3:632947] *** End of error message ***
Command timed out after 30 seconds.
