[gpuc3:405073] Read -1, expected 1800000000, errno = 14
[gpuc3:405071] *** Process received signal ***
[gpuc3:405071] Signal: Segmentation fault (11)
[gpuc3:405071] Signal code: Address not mapped (1)
[gpuc3:405071] Failing at address: 0x76d94ca9e000
[gpuc3:405071] [ 0] /lib/x86_64-linux-gnu/libc.so.6(+0x45320)[0x76db56245320]
[gpuc3:405071] [ 1] /lib/x86_64-linux-gnu/libc.so.6(+0x188d07)[0x76db56388d07]
[gpuc3:405071] [ 2] /usr/lib/x86_64-linux-gnu/openmpi/lib/openmpi3/mca_btl_vader.so(+0x3319)[0x76db55618319]
[gpuc3:405071] [ 3] /usr/lib/x86_64-linux-gnu/openmpi/lib/openmpi3/mca_pml_ob1.so(mca_pml_ob1_send_request_schedule_once+0x1ba)[0x76db5461e55a]
[gpuc3:405071] [ 4] /usr/lib/x86_64-linux-gnu/openmpi/lib/openmpi3/mca_pml_ob1.so(mca_pml_ob1_send_request_process_pending+0x124)[0x76db5461ea44]
[gpuc3:405071] [ 5] /usr/lib/x86_64-linux-gnu/openmpi/lib/openmpi3/mca_pml_ob1.so(+0x16f57)[0x76db5461ff57]
[gpuc3:405071] [ 6] /usr/lib/x86_64-linux-gnu/openmpi/lib/openmpi3/mca_btl_vader.so(mca_btl_vader_poll_handle_frag+0x2a6)[0x76db5561cf06]
[gpuc3:405071] [ 7] /usr/lib/x86_64-linux-gnu/openmpi/lib/openmpi3/mca_btl_vader.so(+0x7fd8)[0x76db5561cfd8]
[gpuc3:405071] [ 8] /lib/x86_64-linux-gnu/libopen-pal.so.40(opal_progress+0x34)[0x76db564ba3b4]
[gpuc3:405071] [ 9] /usr/lib/x86_64-linux-gnu/openmpi/lib/openmpi3/mca_pml_ob1.so(mca_pml_ob1_send+0x2b5)[0x76db5461c355]
[gpuc3:405071] [10] /usr/lib/x86_64-linux-gnu/openmpi/lib/openmpi3/mca_coll_basic.so(mca_coll_basic_scatterv_intra+0xff)[0x76db5463e32f]
[gpuc3:405071] [11] /lib/x86_64-linux-gnu/libmpi.so.40(MPI_Scatterv+0x181)[0x76db56ab9361]
[gpuc3:405071] [12] /home/petert/llm_para_local_evaluation/20260819-003427/validation/black-scholes_gpt-5.6-luna-low_hybrid_r2/black_scholes(+0xb176)[0x5bf56a669176]
[gpuc3:405071] [13] /lib/x86_64-linux-gnu/libc.so.6(+0x2a1ca)[0x76db5622a1ca]
[gpuc3:405071] [14] /lib/x86_64-linux-gnu/libc.so.6(__libc_start_main+0x8b)[0x76db5622a28b]
[gpuc3:405071] [15] /home/petert/llm_para_local_evaluation/20260819-003427/validation/black-scholes_gpt-5.6-luna-low_hybrid_r2/black_scholes(+0xba75)[0x5bf56a669a75]
[gpuc3:405071] *** End of error message ***
Command timed out after 30 seconds.
