[gpuc3:406299] Read -1, expected 1800000000, errno = 14
[gpuc3:406299] *** Process received signal ***
[gpuc3:406299] Signal: Segmentation fault (11)
[gpuc3:406299] Signal code: Address not mapped (1)
[gpuc3:406299] Failing at address: 0x793de793a440
[gpuc3:406299] [ 0] /lib/x86_64-linux-gnu/libc.so.6(+0x45320)[0x7940d4e45320]
[gpuc3:406299] [ 1] /lib/x86_64-linux-gnu/libc.so.6(+0x188d07)[0x7940d4f88d07]
[gpuc3:406299] [ 2] /lib/x86_64-linux-gnu/libopen-pal.so.40(opal_convertor_unpack+0x85)[0x7940d518ced5]
[gpuc3:406299] [ 3] /usr/lib/x86_64-linux-gnu/openmpi/lib/openmpi3/mca_pml_ob1.so(mca_pml_ob1_recv_request_progress_frag+0x187)[0x7940cfbc2cb7]
[gpuc3:406299] [ 4] /usr/lib/x86_64-linux-gnu/openmpi/lib/openmpi3/mca_btl_vader.so(mca_btl_vader_poll_handle_frag+0x95)[0x7940d4009cf5]
[gpuc3:406299] [ 5] /usr/lib/x86_64-linux-gnu/openmpi/lib/openmpi3/mca_btl_vader.so(+0x8044)[0x7940d400a044]
[gpuc3:406299] [ 6] /lib/x86_64-linux-gnu/libopen-pal.so.40(opal_progress+0x34)[0x7940d51763b4]
[gpuc3:406299] [ 7] /usr/lib/x86_64-linux-gnu/openmpi/lib/openmpi3/mca_pml_ob1.so(mca_pml_ob1_recv+0x315)[0x7940cfbc5245]
[gpuc3:406299] [ 8] /usr/lib/x86_64-linux-gnu/openmpi/lib/openmpi3/mca_coll_basic.so(mca_coll_basic_gatherv_intra+0x178)[0x7940cfbe91e8]
[gpuc3:406299] [ 9] /lib/x86_64-linux-gnu/libmpi.so.40(MPI_Gatherv+0xf9)[0x7940d56d0659]
[gpuc3:406299] [10] /home/petert/llm_para_local_evaluation/20260819-003427/validation/black-scholes_gpt-5.6-luna-low_hybrid_r5/black_scholes(+0xb1ee)[0x55585aa031ee]
[gpuc3:406299] [11] /lib/x86_64-linux-gnu/libc.so.6(+0x2a1ca)[0x7940d4e2a1ca]
[gpuc3:406299] [12] /lib/x86_64-linux-gnu/libc.so.6(__libc_start_main+0x8b)[0x7940d4e2a28b]
[gpuc3:406299] [13] /home/petert/llm_para_local_evaluation/20260819-003427/validation/black-scholes_gpt-5.6-luna-low_hybrid_r5/black_scholes(+0xb745)[0x55585aa03745]
[gpuc3:406299] *** End of error message ***
Command timed out after 30 seconds.
