[gpuc3:631335] Read -1, expected 1800000000, errno = 14
[gpuc3:631333] *** Process received signal ***
[gpuc3:631333] Signal: Segmentation fault (11)
[gpuc3:631333] Signal code: Address not mapped (1)
[gpuc3:631333] Failing at address: 0x78a5d789e000
[gpuc3:631333] [ 0] /lib/x86_64-linux-gnu/libc.so.6(+0x45320)[0x78a7ef845320]
[gpuc3:631333] [ 1] /lib/x86_64-linux-gnu/libc.so.6(+0x188d07)[0x78a7ef988d07]
[gpuc3:631333] [ 2] /usr/lib/x86_64-linux-gnu/openmpi/lib/openmpi3/mca_btl_vader.so(+0x3319)[0x78a7ee804319]
[gpuc3:631333] [ 3] /usr/lib/x86_64-linux-gnu/openmpi/lib/openmpi3/mca_pml_ob1.so(mca_pml_ob1_send_request_schedule_once+0x1ba)[0x78a7ede0155a]
[gpuc3:631333] [ 4] /usr/lib/x86_64-linux-gnu/openmpi/lib/openmpi3/mca_pml_ob1.so(mca_pml_ob1_send_request_process_pending+0x124)[0x78a7ede01a44]
[gpuc3:631333] [ 5] /usr/lib/x86_64-linux-gnu/openmpi/lib/openmpi3/mca_pml_ob1.so(+0x16f57)[0x78a7ede02f57]
[gpuc3:631333] [ 6] /usr/lib/x86_64-linux-gnu/openmpi/lib/openmpi3/mca_btl_vader.so(mca_btl_vader_poll_handle_frag+0x2a6)[0x78a7ee808f06]
[gpuc3:631333] [ 7] /usr/lib/x86_64-linux-gnu/openmpi/lib/openmpi3/mca_btl_vader.so(+0x7fd8)[0x78a7ee808fd8]
[gpuc3:631333] [ 8] /lib/x86_64-linux-gnu/libopen-pal.so.40(opal_progress+0x34)[0x78a7eff763b4]
[gpuc3:631333] [ 9] /usr/lib/x86_64-linux-gnu/openmpi/lib/openmpi3/mca_pml_ob1.so(mca_pml_ob1_send+0x2b5)[0x78a7eddff355]
[gpuc3:631333] [10] /usr/lib/x86_64-linux-gnu/openmpi/lib/openmpi3/mca_coll_basic.so(mca_coll_basic_scatterv_intra+0xff)[0x78a7ede2132f]
[gpuc3:631333] [11] /lib/x86_64-linux-gnu/libmpi.so.40(MPI_Scatterv+0x181)[0x78a7f059d361]
[gpuc3:631333] [12] /home/petert/llm_para_local_evaluation/20260819-003427/validation/black-scholes_qwen3.7-plus_hybrid_r2/black_scholes(+0x2c16)[0x58321c764c16]
[gpuc3:631333] [13] /lib/x86_64-linux-gnu/libc.so.6(+0x2a1ca)[0x78a7ef82a1ca]
[gpuc3:631333] [14] /lib/x86_64-linux-gnu/libc.so.6(__libc_start_main+0x8b)[0x78a7ef82a28b]
[gpuc3:631333] [15] /home/petert/llm_para_local_evaluation/20260819-003427/validation/black-scholes_qwen3.7-plus_hybrid_r2/black_scholes(+0x36a5)[0x58321c7656a5]
[gpuc3:631333] *** End of error message ***
Command timed out after 30 seconds.
