[gpuc3:2185650] *** An error occurred in MPI_Allgather
[gpuc3:2185650] *** reported by process [3509649409,64]
[gpuc3:2185650] *** on communicator MPI_COMM_WORLD
[gpuc3:2185650] *** MPI_ERR_TRUNCATE: message truncated
[gpuc3:2185650] *** MPI_ERRORS_ARE_FATAL (processes in this communicator will now abort,
[gpuc3:2185650] ***    and potentially your MPI job)
[gpuc3:2185469] Read -1, expected 29952, errno = 14
[gpuc3:2185469] *** Process received signal ***
[gpuc3:2185469] Signal: Segmentation fault (11)
[gpuc3:2185469] Signal code: Invalid permissions (2)
[gpuc3:2185469] Failing at address: 0x746d9aa00000
[gpuc3:2185469] [ 0] /lib/x86_64-linux-gnu/libc.so.6(+0x45320)[0x746d9c845320]
[gpuc3:2185469] [ 1] /lib/x86_64-linux-gnu/libc.so.6(+0x188d07)[0x746d9c988d07]
[gpuc3:2185469] [ 2] /lib/x86_64-linux-gnu/libopen-pal.so.40(opal_convertor_unpack+0x85)[0x746d9cf4bed5]
[gpuc3:2185469] [ 3] /usr/lib/x86_64-linux-gnu/openmpi/lib/openmpi3/mca_pml_ob1.so(mca_pml_ob1_recv_request_progress_frag+0x187)[0x746d9adf4cb7]
[gpuc3:2185469] [ 4] /usr/lib/x86_64-linux-gnu/openmpi/lib/openmpi3/mca_btl_vader.so(mca_btl_vader_poll_handle_frag+0x95)[0x746d9bc27cf5]
[gpuc3:2185469] [ 5] /usr/lib/x86_64-linux-gnu/openmpi/lib/openmpi3/mca_btl_vader.so(+0x7fd8)[0x746d9bc27fd8]
[gpuc3:2185469] [ 6] /lib/x86_64-linux-gnu/libopen-pal.so.40(opal_progress+0x34)[0x746d9cf353b4]
[gpuc3:2185469] [ 7] /usr/lib/x86_64-linux-gnu/openmpi/lib/openmpi3/mca_pml_ob1.so(mca_pml_ob1_send+0x2b5)[0x746d9adf9355]
[gpuc3:2185469] [ 8] /lib/x86_64-linux-gnu/libmpi.so.40(ompi_coll_base_sendrecv_actual+0x99)[0x746d9d095ee9]
[gpuc3:2185469] [ 9] /lib/x86_64-linux-gnu/libmpi.so.40(ompi_coll_base_allgather_intra_neighborexchange+0x1dd)[0x746d9d09947d]
[gpuc3:2185469] [10] /usr/lib/x86_64-linux-gnu/openmpi/lib/openmpi3/mca_coll_tuned.so(ompi_coll_tuned_allgather_intra_dec_fixed+0x50)[0x746d9adc7520]
[gpuc3:2185469] [11] /lib/x86_64-linux-gnu/libmpi.so.40(MPI_Allgather+0x123)[0x746d9d052fe3]
[gpuc3:2185469] [12] /home/petert/llm_para_local_evaluation/20260819-003427/validation/nbody_gpt-4.1_mpi_r5/nbody(+0x9c5b)[0x609887c5dc5b]
[gpuc3:2185469] [13] /lib/x86_64-linux-gnu/libc.so.6(+0x2a1ca)[0x746d9c82a1ca]
[gpuc3:2185469] [14] /lib/x86_64-linux-gnu/libc.so.6(__libc_start_main+0x8b)[0x746d9c82a28b]
[gpuc3:2185469] [15] /home/petert/llm_para_local_evaluation/20260819-003427/validation/nbody_gpt-4.1_mpi_r5/nbody(+0xa0d5)[0x609887c5e0d5]
[gpuc3:2185469] *** End of error message ***
