terminate called after throwing an instance of 'std::length_error'
  what():  vector::_M_default_append
[gpuc3:3838420] *** Process received signal ***
[gpuc3:3838420] Signal: Aborted (6)
[gpuc3:3838420] Signal code:  (-6)
[gpuc3:3838420] [ 0] /lib/x86_64-linux-gnu/libc.so.6(+0x45320)[0x7043b0a45320]
[gpuc3:3838420] [ 1] /lib/x86_64-linux-gnu/libc.so.6(pthread_kill+0x11c)[0x7043b0a9eb1c]
[gpuc3:3838420] [ 2] /lib/x86_64-linux-gnu/libc.so.6(gsignal+0x1e)[0x7043b0a4526e]
[gpuc3:3838420] [ 3] /lib/x86_64-linux-gnu/libc.so.6(abort+0xdf)[0x7043b0a288ff]
[gpuc3:3838420] [ 4] /lib/x86_64-linux-gnu/libstdc++.so.6(+0xa5ffe)[0x7043b0ea5ffe]
[gpuc3:3838420] [ 5] /lib/x86_64-linux-gnu/libstdc++.so.6(+0xbae9c)[0x7043b0ebae9c]
[gpuc3:3838420] [ 6] /lib/x86_64-linux-gnu/libstdc++.so.6(_ZSt10unexpectedv+0x0)[0x7043b0ea5a49]
[gpuc3:3838420] [ 7] /lib/x86_64-linux-gnu/libstdc++.so.6(+0xbb128)[0x7043b0ebb128]
[gpuc3:3838420] [ 8] /lib/x86_64-linux-gnu/libstdc++.so.6(_ZSt20__throw_length_errorPKc+0x40)[0x7043b0ea9381]
[gpuc3:3838420] [ 9] /home/petert/llm_para_local_evaluation/20260819-003427/validation/unstructured_deepseek-v4-flash_mpi_r3/unstructured(+0xb816)[0x5aec53b62816]
[gpuc3:3838420] [10] /home/petert/llm_para_local_evaluation/20260819-003427/validation/unstructured_deepseek-v4-flash_mpi_r3/unstructured(+0x9970)[0x5aec53b60970]
[gpuc3:3838420] [11] /lib/x86_64-linux-gnu/libc.so.6(+0x2a1ca)[0x7043b0a2a1ca]
[gpuc3:3838420] [12] /lib/x86_64-linux-gnu/libc.so.6(__libc_start_main+0x8b)[0x7043b0a2a28b]
[gpuc3:3838420] [13] /home/petert/llm_para_local_evaluation/20260819-003427/validation/unstructured_deepseek-v4-flash_mpi_r3/unstructured(+0xa3f5)[0x5aec53b613f5]
[gpuc3:3838420] *** End of error message ***
terminate called after throwing an instance of 'std::length_error'
  what():  vector::_M_default_append
[gpuc3:3838423] *** Process received signal ***
[gpuc3:3838423] Signal: Aborted (6)
[gpuc3:3838423] Signal code:  (-6)
[gpuc3:3838423] [ 0] /lib/x86_64-linux-gnu/libc.so.6(+0x45320)[0x759586045320]
[gpuc3:3838423] [ 1] /lib/x86_64-linux-gnu/libc.so.6(pthread_kill+0x11c)[0x75958609eb1c]
[gpuc3:3838423] [ 2] /lib/x86_64-linux-gnu/libc.so.6(gsignal+0x1e)[0x75958604526e]
[gpuc3:3838423] [ 3] /lib/x86_64-linux-gnu/libc.so.6(abort+0xdf)[0x7595860288ff]
[gpuc3:3838423] [ 4] /lib/x86_64-linux-gnu/libstdc++.so.6(+0xa5ffe)[0x7595864a5ffe]
[gpuc3:3838423] [ 5] /lib/x86_64-linux-gnu/libstdc++.so.6(+0xbae9c)[0x7595864bae9c]
[gpuc3:3838423] [ 6] /lib/x86_64-linux-gnu/libstdc++.so.6(_ZSt10unexpectedv+0x0)[0x7595864a5a49]
[gpuc3:3838423] [ 7] /lib/x86_64-linux-gnu/libstdc++.so.6(+0xbb128)[0x7595864bb128]
[gpuc3:3838423] [ 8] /lib/x86_64-linux-gnu/libstdc++.so.6(_ZSt20__throw_length_errorPKc+0x40)[0x7595864a9381]
[gpuc3:3838423] [ 9] /home/petert/llm_para_local_evaluation/20260819-003427/validation/unstructured_deepseek-v4-flash_mpi_r3/unstructured(+0xb816)[0x58477cf84816]
[gpuc3:3838423] [10] /home/petert/llm_para_local_evaluation/20260819-003427/validation/unstructured_deepseek-v4-flash_mpi_r3/unstructured(+0x9970)[0x58477cf82970]
[gpuc3:3838423] [11] /lib/x86_64-linux-gnu/libc.so.6(+0x2a1ca)[0x75958602a1ca]
[gpuc3:3838423] [12] /lib/x86_64-linux-gnu/libc.so.6(__libc_start_main+0x8b)[0x75958602a28b]
[gpuc3:3838423] [13] /home/petert/llm_para_local_evaluation/20260819-003427/validation/unstructured_deepseek-v4-flash_mpi_r3/unstructured(+0xa3f5)[0x58477cf833f5]
[gpuc3:3838423] *** End of error message ***
--------------------------------------------------------------------------
Primary job  terminated normally, but 1 process returned
a non-zero exit code. Per user-direction, the job has been aborted.
--------------------------------------------------------------------------
--------------------------------------------------------------------------
mpirun noticed that process rank 126 with PID 0 on node gpuc3 exited on signal 6 (Aborted).
--------------------------------------------------------------------------
