Room Response Simulation Benchmark
===================================
Target triangles: 5120 (using 4 subdivisions)
Timesteps: 10000
Source triangle: 0
Reflectivity: 0.80
Validation: disabled

Generated icosphere mesh with 5120 triangles
Building octree...

Running GPU-accelerated computation...
Computing form factors and time delays on GPU...
Form factors and time delays computed.
Running wave propagation simulation on GPU...
Simulation complete.
Computing distances via cross-correlation on GPU...
Distances computed.
GPU computation time: 26517 ms

Performance:
  Triangles: 5120
  Timesteps: 10000
  Form factor computations: 2.62e+07
  Simulation operations: 2.62e+11
  Distance computations: 5.12e+11
  Total time per triangle: 5.1791 ms
  Memory usage: 590.62 MB
  Result hash: 31E3D3A55C8EF000

