[gpuc3:309807] *** Process received signal ***
[gpuc3:309807] Signal: Segmentation fault (11)
[gpuc3:309807] Signal code: Address not mapped (1)
[gpuc3:309807] Failing at address: (nil)
[gpuc3:309807] [ 0] /lib/x86_64-linux-gnu/libc.so.6(+0x45320)[0x7d332fa45320]
[gpuc3:309807] [ 1] /lib/x86_64-linux-gnu/libc.so.6(+0x188d07)[0x7d332fb88d07]
[gpuc3:309807] [ 2] /lib/x86_64-linux-gnu/libopen-pal.so.40(+0x4033f)[0x7d332fcd033f]
[gpuc3:309807] [ 3] /lib/x86_64-linux-gnu/libmpi.so.40(ompi_datatype_sndrcv+0x71)[0x7d3330232991]
[gpuc3:309807] [ 4] /usr/lib/x86_64-linux-gnu/openmpi/lib/openmpi3/mca_coll_basic.so(mca_coll_basic_gatherv_intra+0x1bd)[0x7d332dfb522d]
[gpuc3:309807] [ 5] /lib/x86_64-linux-gnu/libmpi.so.40(MPI_Gatherv+0xf9)[0x7d3330245659]
[gpuc3:309807] [ 6] /home/petert/llm_para_local_evaluation/20260819-003427/validation/black-scholes_gemini-3-pro-preview_hybrid_r3/black_scholes(+0xb5da)[0x5dcbde5965da]
[gpuc3:309807] [ 7] /lib/x86_64-linux-gnu/libc.so.6(+0x2a1ca)[0x7d332fa2a1ca]
[gpuc3:309807] [ 8] /lib/x86_64-linux-gnu/libc.so.6(__libc_start_main+0x8b)[0x7d332fa2a28b]
[gpuc3:309807] [ 9] /home/petert/llm_para_local_evaluation/20260819-003427/validation/black-scholes_gemini-3-pro-preview_hybrid_r3/black_scholes(+0xbb75)[0x5dcbde596b75]
[gpuc3:309807] *** End of error message ***
--------------------------------------------------------------------------
Primary job  terminated normally, but 1 process returned
a non-zero exit code. Per user-direction, the job has been aborted.
--------------------------------------------------------------------------
--------------------------------------------------------------------------
mpirun noticed that process rank 0 with PID 0 on node gpuc3 exited on signal 11 (Segmentation fault).
--------------------------------------------------------------------------
