[gpuc3:291538] Read -1, expected 1800000000, errno = 14
[gpuc3:291536] *** Process received signal ***
[gpuc3:291536] Signal: Segmentation fault (11)
[gpuc3:291536] Signal code: Address not mapped (1)
[gpuc3:291536] Failing at address: 0x74cb49a9e000
[gpuc3:291536] [ 0] /lib/x86_64-linux-gnu/libc.so.6(+0x45320)[0x74cd61045320]
[gpuc3:291536] [ 1] /lib/x86_64-linux-gnu/libc.so.6(+0x188d07)[0x74cd61188d07]
[gpuc3:291536] [ 2] /usr/lib/x86_64-linux-gnu/openmpi/lib/openmpi3/mca_btl_vader.so(+0x3319)[0x74cd5b436319]
[gpuc3:291536] [ 3] /usr/lib/x86_64-linux-gnu/openmpi/lib/openmpi3/mca_pml_ob1.so(mca_pml_ob1_send_request_schedule_once+0x1ba)[0x74cd5b27555a]
[gpuc3:291536] [ 4] /usr/lib/x86_64-linux-gnu/openmpi/lib/openmpi3/mca_pml_ob1.so(mca_pml_ob1_send_request_process_pending+0x124)[0x74cd5b275a44]
[gpuc3:291536] [ 5] /usr/lib/x86_64-linux-gnu/openmpi/lib/openmpi3/mca_pml_ob1.so(+0x16f57)[0x74cd5b276f57]
[gpuc3:291536] [ 6] /usr/lib/x86_64-linux-gnu/openmpi/lib/openmpi3/mca_btl_vader.so(mca_btl_vader_poll_handle_frag+0x2a6)[0x74cd5b43af06]
[gpuc3:291536] [ 7] /usr/lib/x86_64-linux-gnu/openmpi/lib/openmpi3/mca_btl_vader.so(+0x7fd8)[0x74cd5b43afd8]
[gpuc3:291536] [ 8] /lib/x86_64-linux-gnu/libopen-pal.so.40(opal_progress+0x34)[0x74cd6128d3b4]
[gpuc3:291536] [ 9] /usr/lib/x86_64-linux-gnu/openmpi/lib/openmpi3/mca_pml_ob1.so(mca_pml_ob1_send+0x2b5)[0x74cd5b273355]
[gpuc3:291536] [10] /usr/lib/x86_64-linux-gnu/openmpi/lib/openmpi3/mca_coll_basic.so(mca_coll_basic_scatterv_intra+0xff)[0x74cd5b29532f]
[gpuc3:291536] [11] /lib/x86_64-linux-gnu/libmpi.so.40(MPI_Scatterv+0x181)[0x74cd61762361]
[gpuc3:291536] [12] /home/petert/llm_para_local_evaluation/20260819-003427/validation/black-scholes_deepseek-v4-flash_hybrid_r3/black_scholes(+0xc234)[0x5b54cb126234]
[gpuc3:291536] [13] /lib/x86_64-linux-gnu/libc.so.6(+0x2a1ca)[0x74cd6102a1ca]
[gpuc3:291536] [14] /lib/x86_64-linux-gnu/libc.so.6(__libc_start_main+0x8b)[0x74cd6102a28b]
[gpuc3:291536] [15] /home/petert/llm_para_local_evaluation/20260819-003427/validation/black-scholes_deepseek-v4-flash_hybrid_r3/black_scholes(+0xcc35)[0x5b54cb126c35]
[gpuc3:291536] *** End of error message ***
Command timed out after 30 seconds.
