[gpuc3:404950] Read -1, expected 1800000000, errno = 14
[gpuc3:404948] *** Process received signal ***
[gpuc3:404948] Signal: Segmentation fault (11)
[gpuc3:404948] Signal code: Address not mapped (1)
[gpuc3:404948] Failing at address: 0x7794b4c9e000
[gpuc3:404948] [ 0] /lib/x86_64-linux-gnu/libc.so.6(+0x45320)[0x7796a5245320]
[gpuc3:404948] [ 1] /lib/x86_64-linux-gnu/libc.so.6(+0x188d07)[0x7796a5388d07]
[gpuc3:404948] [ 2] /usr/lib/x86_64-linux-gnu/openmpi/lib/openmpi3/mca_btl_vader.so(+0x3319)[0x7796a41cd319]
[gpuc3:404948] [ 3] /usr/lib/x86_64-linux-gnu/openmpi/lib/openmpi3/mca_pml_ob1.so(mca_pml_ob1_send_request_schedule_once+0x1ba)[0x7796a401755a]
[gpuc3:404948] [ 4] /usr/lib/x86_64-linux-gnu/openmpi/lib/openmpi3/mca_pml_ob1.so(mca_pml_ob1_send_request_process_pending+0x124)[0x7796a4017a44]
[gpuc3:404948] [ 5] /usr/lib/x86_64-linux-gnu/openmpi/lib/openmpi3/mca_pml_ob1.so(+0x16f57)[0x7796a4018f57]
[gpuc3:404948] [ 6] /usr/lib/x86_64-linux-gnu/openmpi/lib/openmpi3/mca_btl_vader.so(mca_btl_vader_poll_handle_frag+0x2a6)[0x7796a41d1f06]
[gpuc3:404948] [ 7] /usr/lib/x86_64-linux-gnu/openmpi/lib/openmpi3/mca_btl_vader.so(+0x7fd8)[0x7796a41d1fd8]
[gpuc3:404948] [ 8] /lib/x86_64-linux-gnu/libopen-pal.so.40(opal_progress+0x34)[0x7796a59763b4]
[gpuc3:404948] [ 9] /lib/x86_64-linux-gnu/libopen-pal.so.40(ompi_sync_wait_mt+0x115)[0x7796a5982f85]
[gpuc3:404948] [10] /usr/lib/x86_64-linux-gnu/openmpi/lib/openmpi3/mca_pml_ob1.so(mca_pml_ob1_send+0x97a)[0x7796a4015a1a]
[gpuc3:404948] [11] /usr/lib/x86_64-linux-gnu/openmpi/lib/openmpi3/mca_coll_basic.so(mca_coll_basic_scatterv_intra+0xff)[0x7796a403732f]
[gpuc3:404948] [12] /lib/x86_64-linux-gnu/libmpi.so.40(MPI_Scatterv+0x181)[0x7796a5fb4361]
[gpuc3:404948] [13] /home/petert/llm_para_local_evaluation/20260819-003427/validation/black-scholes_gpt-5.6-luna-low_hybrid_r1/black_scholes(+0x2b08)[0x649b894c7b08]
[gpuc3:404948] [14] /lib/x86_64-linux-gnu/libc.so.6(+0x2a1ca)[0x7796a522a1ca]
[gpuc3:404948] [15] /lib/x86_64-linux-gnu/libc.so.6(__libc_start_main+0x8b)[0x7796a522a28b]
[gpuc3:404948] [16] /home/petert/llm_para_local_evaluation/20260819-003427/validation/black-scholes_gpt-5.6-luna-low_hybrid_r1/black_scholes(+0x3245)[0x649b894c8245]
[gpuc3:404948] *** End of error message ***
Command timed out after 30 seconds.
