[gpuc3:425482] Read -1, expected 1800000000, errno = 14
[gpuc3:425480] *** Process received signal ***
[gpuc3:425480] Signal: Segmentation fault (11)
[gpuc3:425480] Signal code: Address not mapped (1)
[gpuc3:425480] Failing at address: 0x7c3adfc9e000
[gpuc3:425480] [ 0] /lib/x86_64-linux-gnu/libc.so.6(+0x45320)[0x7c3cbca45320]
[gpuc3:425480] [ 1] /lib/x86_64-linux-gnu/libc.so.6(+0x188d07)[0x7c3cbcb88d07]
[gpuc3:425480] [ 2] /usr/lib/x86_64-linux-gnu/openmpi/lib/openmpi3/mca_btl_vader.so(+0x3319)[0x7c3cbaf07319]
[gpuc3:425480] [ 3] /usr/lib/x86_64-linux-gnu/openmpi/lib/openmpi3/mca_pml_ob1.so(mca_pml_ob1_send_request_schedule_once+0x1ba)[0x7c3cbae4755a]
[gpuc3:425480] [ 4] /usr/lib/x86_64-linux-gnu/openmpi/lib/openmpi3/mca_pml_ob1.so(mca_pml_ob1_send_request_process_pending+0x124)[0x7c3cbae47a44]
[gpuc3:425480] [ 5] /usr/lib/x86_64-linux-gnu/openmpi/lib/openmpi3/mca_pml_ob1.so(+0x16f57)[0x7c3cbae48f57]
[gpuc3:425480] [ 6] /usr/lib/x86_64-linux-gnu/openmpi/lib/openmpi3/mca_btl_vader.so(mca_btl_vader_poll_handle_frag+0x2a6)[0x7c3cbaf0bf06]
[gpuc3:425480] [ 7] /usr/lib/x86_64-linux-gnu/openmpi/lib/openmpi3/mca_btl_vader.so(+0x7fd8)[0x7c3cbaf0bfd8]
[gpuc3:425480] [ 8] /lib/x86_64-linux-gnu/libopen-pal.so.40(opal_progress+0x34)[0x7c3cbc9763b4]
[gpuc3:425480] [ 9] /lib/x86_64-linux-gnu/libopen-pal.so.40(ompi_sync_wait_mt+0x115)[0x7c3cbc982f85]
[gpuc3:425480] [10] /usr/lib/x86_64-linux-gnu/openmpi/lib/openmpi3/mca_pml_ob1.so(mca_pml_ob1_send+0x97a)[0x7c3cbae45a1a]
[gpuc3:425480] [11] /usr/lib/x86_64-linux-gnu/openmpi/lib/openmpi3/mca_coll_basic.so(mca_coll_basic_scatterv_intra+0xff)[0x7c3cbae6732f]
[gpuc3:425480] [12] /lib/x86_64-linux-gnu/libmpi.so.40(MPI_Scatterv+0x181)[0x7c3cbd233361]
[gpuc3:425480] [13] /home/petert/llm_para_local_evaluation/20260819-003427/validation/black-scholes_gpt-5.6-luna-medium_hybrid_r3/black_scholes(+0xb0d5)[0x57cb0a1ca0d5]
[gpuc3:425480] [14] /lib/x86_64-linux-gnu/libc.so.6(+0x2a1ca)[0x7c3cbca2a1ca]
[gpuc3:425480] [15] /lib/x86_64-linux-gnu/libc.so.6(__libc_start_main+0x8b)[0x7c3cbca2a28b]
[gpuc3:425480] [16] /home/petert/llm_para_local_evaluation/20260819-003427/validation/black-scholes_gpt-5.6-luna-medium_hybrid_r3/black_scholes(+0xb6d5)[0x57cb0a1ca6d5]
[gpuc3:425480] *** End of error message ***
Command timed out after 30 seconds.
