[gpuc3:612414] Read -1, expected 1800000000, errno = 14
[gpuc3:612414] *** Process received signal ***
[gpuc3:612414] Signal: Segmentation fault (11)
[gpuc3:612414] Signal code: Address not mapped (1)
[gpuc3:612414] Failing at address: 0x75601793a440
[gpuc3:612414] [ 0] /lib/x86_64-linux-gnu/libc.so.6(+0x45320)[0x7562f2a45320]
[gpuc3:612414] [ 1] /lib/x86_64-linux-gnu/libc.so.6(+0x188d07)[0x7562f2b88d07]
[gpuc3:612414] [ 2] /lib/x86_64-linux-gnu/libopen-pal.so.40(opal_convertor_unpack+0x85)[0x7562f2d8ced5]
[gpuc3:612414] [ 3] /usr/lib/x86_64-linux-gnu/openmpi/lib/openmpi3/mca_pml_ob1.so(mca_pml_ob1_recv_request_progress_frag+0x187)[0x7562f0e98cb7]
[gpuc3:612414] [ 4] /usr/lib/x86_64-linux-gnu/openmpi/lib/openmpi3/mca_btl_vader.so(mca_btl_vader_poll_handle_frag+0x95)[0x7562f1a09cf5]
[gpuc3:612414] [ 5] /usr/lib/x86_64-linux-gnu/openmpi/lib/openmpi3/mca_btl_vader.so(+0x8044)[0x7562f1a0a044]
[gpuc3:612414] [ 6] /lib/x86_64-linux-gnu/libopen-pal.so.40(opal_progress+0x34)[0x7562f2d763b4]
[gpuc3:612414] [ 7] /usr/lib/x86_64-linux-gnu/openmpi/lib/openmpi3/mca_pml_ob1.so(mca_pml_ob1_recv+0x315)[0x7562f0e9b245]
[gpuc3:612414] [ 8] /usr/lib/x86_64-linux-gnu/openmpi/lib/openmpi3/mca_coll_basic.so(mca_coll_basic_gatherv_intra+0x178)[0x7562f0ebf1e8]
[gpuc3:612414] [ 9] /lib/x86_64-linux-gnu/libmpi.so.40(MPI_Gatherv+0xf9)[0x7562f322e659]
[gpuc3:612414] [10] /home/petert/llm_para_local_evaluation/20260819-003427/validation/black-scholes_qwen-3.6-27B-udq4_hybrid_r4/black_scholes(+0xb463)[0x5624833eb463]
[gpuc3:612414] [11] /lib/x86_64-linux-gnu/libc.so.6(+0x2a1ca)[0x7562f2a2a1ca]
[gpuc3:612414] [12] /lib/x86_64-linux-gnu/libc.so.6(__libc_start_main+0x8b)[0x7562f2a2a28b]
[gpuc3:612414] [13] /home/petert/llm_para_local_evaluation/20260819-003427/validation/black-scholes_qwen-3.6-27B-udq4_hybrid_r4/black_scholes(+0xba85)[0x5624833eba85]
[gpuc3:612414] *** End of error message ***
Command timed out after 30 seconds.
