[gpuc3:4050578] *** Process received signal ***
[gpuc3:4050578] Signal: Segmentation fault (11)
[gpuc3:4050578] Signal code: Address not mapped (1)
[gpuc3:4050578] Failing at address: (nil)
[gpuc3:4050578] [ 0] /lib/x86_64-linux-gnu/libc.so.6(+0x45320)[0x75c3daa45320]
[gpuc3:4050578] [ 1] /lib/x86_64-linux-gnu/libc.so.6(+0x188d07)[0x75c3dab88d07]
[gpuc3:4050578] [ 2] /lib/x86_64-linux-gnu/libopen-pal.so.40(+0x4033f)[0x75c3db0d033f]
[gpuc3:4050578] [ 3] /lib/x86_64-linux-gnu/libmpi.so.40(ompi_datatype_sndrcv+0x71)[0x75c3db5ee991]
[gpuc3:4050578] [ 4] /usr/lib/x86_64-linux-gnu/openmpi/lib/openmpi3/mca_coll_basic.so(mca_coll_basic_gatherv_intra+0x1bd)[0x75c3d8e9222d]
[gpuc3:4050578] [ 5] /lib/x86_64-linux-gnu/libmpi.so.40(MPI_Gatherv+0xf9)[0x75c3db601659]
[gpuc3:4050578] [ 6] /home/petert/llm_para_local_evaluation/20260819-003427/validation/unstructured_gpt-5.6-terra-medium_hybrid_r4/unstructured(+0x30aa)[0x60ebc7ba10aa]
[gpuc3:4050578] [ 7] /lib/x86_64-linux-gnu/libc.so.6(+0x2a1ca)[0x75c3daa2a1ca]
[gpuc3:4050578] [ 8] /lib/x86_64-linux-gnu/libc.so.6(__libc_start_main+0x8b)[0x75c3daa2a28b]
[gpuc3:4050578] [ 9] /home/petert/llm_para_local_evaluation/20260819-003427/validation/unstructured_gpt-5.6-terra-medium_hybrid_r4/unstructured(+0x3e85)[0x60ebc7ba1e85]
[gpuc3:4050578] *** End of error message ***
--------------------------------------------------------------------------
Primary job  terminated normally, but 1 process returned
a non-zero exit code. Per user-direction, the job has been aborted.
--------------------------------------------------------------------------
--------------------------------------------------------------------------
mpirun noticed that process rank 0 with PID 0 on node gpuc3 exited on signal 11 (Segmentation fault).
--------------------------------------------------------------------------
