[gpuc3:341856] Read -1, expected 1800000000, errno = 14
[gpuc3:341854] *** Process received signal ***
[gpuc3:341854] Signal: Segmentation fault (11)
[gpuc3:341854] Signal code: Address not mapped (1)
[gpuc3:341854] Failing at address: 0x78d97c2f1000
[gpuc3:341854] [ 0] /lib/x86_64-linux-gnu/libc.so.6(+0x45320)[0x78db59045320]
[gpuc3:341854] [ 1] /lib/x86_64-linux-gnu/libc.so.6(+0x188d07)[0x78db59188d07]
[gpuc3:341854] [ 2] /usr/lib/x86_64-linux-gnu/openmpi/lib/openmpi3/mca_btl_vader.so(+0x3319)[0x78db58014319]
[gpuc3:341854] [ 3] /usr/lib/x86_64-linux-gnu/openmpi/lib/openmpi3/mca_pml_ob1.so(mca_pml_ob1_send_request_schedule_once+0x1ba)[0x78db53e4255a]
[gpuc3:341854] [ 4] /usr/lib/x86_64-linux-gnu/openmpi/lib/openmpi3/mca_pml_ob1.so(mca_pml_ob1_send_request_process_pending+0x124)[0x78db53e42a44]
[gpuc3:341854] [ 5] /usr/lib/x86_64-linux-gnu/openmpi/lib/openmpi3/mca_pml_ob1.so(+0x16f57)[0x78db53e43f57]
[gpuc3:341854] [ 6] /usr/lib/x86_64-linux-gnu/openmpi/lib/openmpi3/mca_btl_vader.so(mca_btl_vader_poll_handle_frag+0x2a6)[0x78db58018f06]
[gpuc3:341854] [ 7] /usr/lib/x86_64-linux-gnu/openmpi/lib/openmpi3/mca_btl_vader.so(+0x7fd8)[0x78db58018fd8]
[gpuc3:341854] [ 8] /lib/x86_64-linux-gnu/libopen-pal.so.40(opal_progress+0x34)[0x78db592ba3b4]
[gpuc3:341854] [ 9] /usr/lib/x86_64-linux-gnu/openmpi/lib/openmpi3/mca_pml_ob1.so(mca_pml_ob1_send+0x2b5)[0x78db53e40355]
[gpuc3:341854] [10] /usr/lib/x86_64-linux-gnu/openmpi/lib/openmpi3/mca_coll_basic.so(mca_coll_basic_scatterv_intra+0xff)[0x78db53e6232f]
[gpuc3:341854] [11] /lib/x86_64-linux-gnu/libmpi.so.40(MPI_Scatterv+0x181)[0x78db59862361]
[gpuc3:341854] [12] /home/petert/llm_para_local_evaluation/20260819-003427/validation/black-scholes_gpt-5-mini_hybrid_r5/black_scholes(+0xafbb)[0x611d5f954fbb]
[gpuc3:341854] [13] /lib/x86_64-linux-gnu/libc.so.6(+0x2a1ca)[0x78db5902a1ca]
[gpuc3:341854] [14] /lib/x86_64-linux-gnu/libc.so.6(__libc_start_main+0x8b)[0x78db5902a28b]
[gpuc3:341854] [15] /home/petert/llm_para_local_evaluation/20260819-003427/validation/black-scholes_gpt-5-mini_hybrid_r5/black_scholes(+0xb945)[0x611d5f955945]
[gpuc3:341854] *** End of error message ***
Command timed out after 30 seconds.
