[gpuc3:1269455] *** Process received signal ***
[gpuc3:1269455] Signal: Segmentation fault (11)
[gpuc3:1269455] Signal code: Address not mapped (1)
[gpuc3:1269455] Failing at address: (nil)
[gpuc3:1269455] [ 0] /lib/x86_64-linux-gnu/libc.so.6(+0x45320)[0x78dd67045320]
[gpuc3:1269455] [ 1] /lib/x86_64-linux-gnu/libc.so.6(+0x188d07)[0x78dd67188d07]
[gpuc3:1269455] [ 2] /lib/x86_64-linux-gnu/libopen-pal.so.40(+0x4033f)[0x78dd677a833f]
[gpuc3:1269455] [ 3] /lib/x86_64-linux-gnu/libmpi.so.40(ompi_datatype_sndrcv+0x71)[0x78dd678af991]
[gpuc3:1269455] [ 4] /usr/lib/x86_64-linux-gnu/openmpi/lib/openmpi3/mca_coll_basic.so(mca_coll_basic_gatherv_intra+0x1bd)[0x78dd6566b22d]
[gpuc3:1269455] [ 5] /lib/x86_64-linux-gnu/libmpi.so.40(MPI_Gatherv+0xf9)[0x78dd678c2659]
[gpuc3:1269455] [ 6] /home/petert/llm_para_local_evaluation/20260819-003427/validation/cholesky_qwen-3.6-27B-udq4_mpi_r1/cholesky(+0x9abd)[0x5e77857f5abd]
[gpuc3:1269455] [ 7] /lib/x86_64-linux-gnu/libc.so.6(+0x2a1ca)[0x78dd6702a1ca]
[gpuc3:1269455] [ 8] /lib/x86_64-linux-gnu/libc.so.6(__libc_start_main+0x8b)[0x78dd6702a28b]
[gpuc3:1269455] [ 9] /home/petert/llm_para_local_evaluation/20260819-003427/validation/cholesky_qwen-3.6-27B-udq4_mpi_r1/cholesky(+0xa3f5)[0x5e77857f63f5]
[gpuc3:1269455] *** End of error message ***
--------------------------------------------------------------------------
Primary job  terminated normally, but 1 process returned
a non-zero exit code. Per user-direction, the job has been aborted.
--------------------------------------------------------------------------
--------------------------------------------------------------------------
mpirun noticed that process rank 0 with PID 0 on node gpuc3 exited on signal 11 (Segmentation fault).
--------------------------------------------------------------------------
