[gpuc3:1743152] *** Process received signal ***
[gpuc3:1743152] Signal: Segmentation fault (11)
[gpuc3:1743152] Signal code: Address not mapped (1)
[gpuc3:1743152] Failing at address: (nil)
[gpuc3:1743152] [ 0] /lib/x86_64-linux-gnu/libc.so.6(+0x45320)[0x72236c045320]
[gpuc3:1743152] [ 1] /lib/x86_64-linux-gnu/libc.so.6(+0x188d07)[0x72236c188d07]
[gpuc3:1743152] [ 2] /lib/x86_64-linux-gnu/libopen-pal.so.40(+0x4033f)[0x72236c38c33f]
[gpuc3:1743152] [ 3] /lib/x86_64-linux-gnu/libmpi.so.40(ompi_datatype_sndrcv+0x71)[0x72236c7aa991]
[gpuc3:1743152] [ 4] /usr/lib/x86_64-linux-gnu/openmpi/lib/openmpi3/mca_coll_basic.so(mca_coll_basic_gatherv_intra+0x1bd)[0x72236a56b22d]
[gpuc3:1743152] [ 5] /lib/x86_64-linux-gnu/libmpi.so.40(MPI_Gatherv+0xf9)[0x72236c7bd659]
[gpuc3:1743152] [ 6] /home/petert/llm_para_local_evaluation/20261001-gpt6-validation/validation/stencil3d_gpt-6-luna-medium_mpi_r5/stencil3d(+0xa103)[0x5baa5e5ac103]
[gpuc3:1743152] [ 7] /lib/x86_64-linux-gnu/libc.so.6(+0x2a1ca)[0x72236c02a1ca]
[gpuc3:1743152] [ 8] /lib/x86_64-linux-gnu/libc.so.6(__libc_start_main+0x8b)[0x72236c02a28b]
[gpuc3:1743152] [ 9] /home/petert/llm_para_local_evaluation/20261001-gpt6-validation/validation/stencil3d_gpt-6-luna-medium_mpi_r5/stencil3d(+0xa5a5)[0x5baa5e5ac5a5]
[gpuc3:1743152] *** End of error message ***
--------------------------------------------------------------------------
Primary job  terminated normally, but 1 process returned
a non-zero exit code. Per user-direction, the job has been aborted.
--------------------------------------------------------------------------
--------------------------------------------------------------------------
mpirun noticed that process rank 0 with PID 0 on node gpuc3 exited on signal 11 (Segmentation fault).
--------------------------------------------------------------------------
