Room Response Simulation Benchmark
===================================
Target triangles: 5120 (using 4 subdivisions)
Timesteps: 2000
Source triangle: 0
Reflectivity: 0.80
Validation: disabled
MPI ranks: 4, OpenMP threads/rank: 32
CUDA execution: enabled (rank-local GPU mapping)

Generated icosphere mesh with 5120 triangles
Building octree...

Computing form factors (Kij) with 4 MPI ranks and 32 OpenMP threads/rank...
Precomputation time (max rank): 3689 ms
Maximum propagation delay: 40 timesteps

Running wave propagation simulation on CUDA devices...
  Timestep 10/2000
  Timestep 20/2000
  Timestep 30/2000
  Timestep 40/2000
  Timestep 50/2000
  Timestep 60/2000
  Timestep 70/2000
  Timestep 80/2000
  Timestep 90/2000
  Timestep 100/2000
  Timestep 110/2000
  Timestep 120/2000
  Timestep 130/2000
  Timestep 140/2000
  Timestep 150/2000
  Timestep 160/2000
  Timestep 170/2000
  Timestep 180/2000
  Timestep 190/2000
  Timestep 200/2000
  Timestep 210/2000
  Timestep 220/2000
  Timestep 230/2000
  Timestep 240/2000
  Timestep 250/2000
  Timestep 260/2000
  Timestep 270/2000
  Timestep 280/2000
  Timestep 290/2000
  Timestep 300/2000
  Timestep 310/2000
  Timestep 320/2000
  Timestep 330/2000
  Timestep 340/2000
  Timestep 350/2000
  Timestep 360/2000
  Timestep 370/2000
  Timestep 380/2000
  Timestep 390/2000
  Timestep 400/2000
  Timestep 410/2000
  Timestep 420/2000
  Timestep 430/2000
  Timestep 440/2000
  Timestep 450/2000
  Timestep 460/2000
  Timestep 470/2000
  Timestep 480/2000
  Timestep 490/2000
  Timestep 500/2000
  Timestep 510/2000
  Timestep 520/2000
  Timestep 530/2000
  Timestep 540/2000
  Timestep 550/2000
  Timestep 560/2000
  Timestep 570/2000
  Timestep 580/2000
  Timestep 590/2000
  Timestep 600/2000
  Timestep 610/2000
  Timestep 620/2000
  Timestep 630/2000
  Timestep 640/2000
  Timestep 650/2000
  Timestep 660/2000
  Timestep 670/2000
  Timestep 680/2000
  Timestep 690/2000
  Timestep 700/2000
  Timestep 710/2000
  Timestep 720/2000
  Timestep 730/2000
  Timestep 740/2000
  Timestep 750/2000
  Timestep 760/2000
  Timestep 770/2000
  Timestep 780/2000
  Timestep 790/2000
  Timestep 800/2000
  Timestep 810/2000
  Timestep 820/2000
  Timestep 830/2000
  Timestep 840/2000
  Timestep 850/2000
  Timestep 860/2000
  Timestep 870/2000
  Timestep 880/2000
  Timestep 890/2000
  Timestep 900/2000
  Timestep 910/2000
  Timestep 920/2000
  Timestep 930/2000
  Timestep 940/2000
  Timestep 950/2000
  Timestep 960/2000
  Timestep 970/2000
  Timestep 980/2000
  Timestep 990/2000
  Timestep 1000/2000
  Timestep 1010/2000
  Timestep 1020/2000
  Timestep 1030/2000
  Timestep 1040/2000
  Timestep 1050/2000
  Timestep 1060/2000
  Timestep 1070/2000
  Timestep 1080/2000
  Timestep 1090/2000
  Timestep 1100/2000
  Timestep 1110/2000
  Timestep 1120/2000
  Timestep 1130/2000
  Timestep 1140/2000
  Timestep 1150/2000
  Timestep 1160/2000
  Timestep 1170/2000
  Timestep 1180/2000
  Timestep 1190/2000
  Timestep 1200/2000
  Timestep 1210/2000
  Timestep 1220/2000
  Timestep 1230/2000
  Timestep 1240/2000
  Timestep 1250/2000
  Timestep 1260/2000
  Timestep 1270/2000
  Timestep 1280/2000
  Timestep 1290/2000
  Timestep 1300/2000
  Timestep 1310/2000
  Timestep 1320/2000
  Timestep 1330/2000
  Timestep 1340/2000
  Timestep 1350/2000
  Timestep 1360/2000
  Timestep 1370/2000
  Timestep 1380/2000
  Timestep 1390/2000
  Timestep 1400/2000
  Timestep 1410/2000
  Timestep 1420/2000
  Timestep 1430/2000
  Timestep 1440/2000
  Timestep 1450/2000
  Timestep 1460/2000
  Timestep 1470/2000
  Timestep 1480/2000
  Timestep 1490/2000
  Timestep 1500/2000
  Timestep 1510/2000
  Timestep 1520/2000
  Timestep 1530/2000
  Timestep 1540/2000
  Timestep 1550/2000
  Timestep 1560/2000
  Timestep 1570/2000
  Timestep 1580/2000
  Timestep 1590/2000
  Timestep 1600/2000
  Timestep 1610/2000
  Timestep 1620/2000
  Timestep 1630/2000
  Timestep 1640/2000
  Timestep 1650/2000
  Timestep 1660/2000
  Timestep 1670/2000
  Timestep 1680/2000
  Timestep 1690/2000
  Timestep 1700/2000
  Timestep 1710/2000
  Timestep 1720/2000
  Timestep 1730/2000
  Timestep 1740/2000
  Timestep 1750/2000
  Timestep 1760/2000
  Timestep 1770/2000
  Timestep 1780/2000
  Timestep 1790/2000
  Timestep 1800/2000
  Timestep 1810/2000
  Timestep 1820/2000
  Timestep 1830/2000
  Timestep 1840/2000
  Timestep 1850/2000
  Timestep 1860/2000
  Timestep 1870/2000
  Timestep 1880/2000
  Timestep 1890/2000
  Timestep 1900/2000
  Timestep 1910/2000
  Timestep 1920/2000
  Timestep 1930/2000
  Timestep 1940/2000
  Timestep 1950/2000
  Timestep 1960/2000
  Timestep 1970/2000
  Timestep 1980/2000
  Timestep 1990/2000
  Timestep 2000/2000
Simulation time (max rank): 339 ms

Computing distances via CUDA cross-correlation...
Distance computation time (max rank): 30 ms

Total computation time (sum of max phases): 4058 ms

Performance:
  Triangles: 5120
  Timesteps: 2000
  Form factor computations: 2.62e+07
  Simulation operations: 5.24e+10
  Distance computations: 2.05e+10
  Total time per triangle: 0.7926 ms
  Rank 0 distributed working set: 59.77 MB
  Result hash: A0D04735E244F000

