chdir: /tmp/local-evaluation-timing-correction-20261002-1894880-zk1u5u/build
containment_unit: local-evaluation-1894880-00cdd5264495.scope
io_write_device: /dev/nvme2n1p1
network_policy: deny external; allow localhost
limits:
  file_size_max_bytes=1073741824
  io_write_bandwidth_bytes_per_second=16777216
  memory_max_bytes=274877906944
  output_limit_bytes=8388608
  tasks_max=512
environment:
  CC=/usr/bin/gcc-13
  CUDA_VISIBLE_DEVICES=0
  CXX=/usr/bin/g++-13
  DBUS_SESSION_BUS_ADDRESS=unix:path=/run/user/1004/bus
  HOME=/home/petert
  LANG=en_US.UTF-8
  LOGNAME=petert
  OMP_NUM_THREADS=1
  PATH=/home/petert/.local/bin:/usr/local/cuda/bin:/usr/local/bin:/usr/bin:/bin
  TMPDIR=/tmp
  USER=petert
  XDG_RUNTIME_DIR=/run/user/1004
command: numactl --physcpubind\=0-63 --membind\=0 /tmp/local-evaluation-timing-correction-20261002-1894880-zk1u5u/build/qtclustering -n 7800
effective_command: systemd-run --user --scope --quiet --collect --unit\=local-evaluation-1894880-00cdd5264495 --property\=MemoryMax\=274877906944 --property\=MemorySwapMax\=0 --property\=TasksMax\=512 --property\=OOMPolicy\=kill --property\=IPAddressDeny\=any --property\=IPAddressAllow\=localhost --property\=RuntimeMaxSec\=89s --property\=IOWriteBandwidthMax\=/dev/nvme2n1p1\ 16777216 -- numactl --physcpubind\=0-63 --membind\=0 /tmp/local-evaluation-timing-correction-20261002-1894880-zk1u5u/build/qtclustering -n 7800
