[gpuc3:1470901] *** Process received signal ***
[gpuc3:1470901] Signal: Segmentation fault (11)
[gpuc3:1470901] Signal code: Address not mapped (1)
[gpuc3:1470901] Failing at address: (nil)
[gpuc3:1470901] [ 0] /lib/x86_64-linux-gnu/libc.so.6(+0x45320)[0x781a4a445320]
[gpuc3:1470901] [ 1] /lib/x86_64-linux-gnu/libc.so.6(+0x188d07)[0x781a4a588d07]
[gpuc3:1470901] [ 2] /lib/x86_64-linux-gnu/libopen-pal.so.40(+0x4033f)[0x781a4ab8c33f]
[gpuc3:1470901] [ 3] /lib/x86_64-linux-gnu/libmpi.so.40(ompi_datatype_sndrcv+0x71)[0x781a4b102991]
[gpuc3:1470901] [ 4] /usr/lib/x86_64-linux-gnu/openmpi/lib/openmpi3/mca_coll_basic.so(mca_coll_basic_gatherv_intra+0x1bd)[0x781a4897c22d]
[gpuc3:1470901] [ 5] /lib/x86_64-linux-gnu/libmpi.so.40(MPI_Gatherv+0xf9)[0x781a4b115659]
[gpuc3:1470901] [ 6] /home/petert/llm_para_local_evaluation/20260819-003427/validation/floydwarshall_gpt-5.6-luna-medium_hybrid_r3/floydwarshall(+0x3055)[0x5c3ebd504055]
[gpuc3:1470901] [ 7] /lib/x86_64-linux-gnu/libc.so.6(+0x2a1ca)[0x781a4a42a1ca]
[gpuc3:1470901] [ 8] /lib/x86_64-linux-gnu/libc.so.6(__libc_start_main+0x8b)[0x781a4a42a28b]
[gpuc3:1470901] [ 9] /home/petert/llm_para_local_evaluation/20260819-003427/validation/floydwarshall_gpt-5.6-luna-medium_hybrid_r3/floydwarshall(+0x39d5)[0x5c3ebd5049d5]
[gpuc3:1470901] *** End of error message ***
--------------------------------------------------------------------------
Primary job  terminated normally, but 1 process returned
a non-zero exit code. Per user-direction, the job has been aborted.
--------------------------------------------------------------------------
--------------------------------------------------------------------------
mpirun noticed that process rank 0 with PID 0 on node gpuc3 exited on signal 11 (Segmentation fault).
--------------------------------------------------------------------------
