Room Response Simulation Benchmark
===================================
Target triangles: 5120 (using 4 subdivisions)
Timesteps: 2000
Source triangle: 0
Reflectivity: 0.80
Validation: disabled

Room Response Simulation Benchmark
===================================
Target triangles: 5120 (using 4 subdivisions)
Timesteps: 2000
Source triangle: 0
Reflectivity: 0.80
Validation: disabled

Room Response Simulation Benchmark
===================================
Target triangles: 5120 (using 4 subdivisions)
Timesteps: 2000
Source triangle: 0
Reflectivity: 0.80
Validation: disabled

Room Response Simulation Benchmark
===================================
Target triangles: 5120 (using 4 subdivisions)
Timesteps: 2000
Source triangle: 0
Reflectivity: 0.80
Validation: disabled

Generated icosphere mesh with 5120 triangles
Building octree...
Generated icosphere mesh with 5120 triangles
Building octree...
Generated icosphere mesh with 5120 triangles
Building octree...
Generated icosphere mesh with 5120 triangles
Building octree...

Computing time delays (Tau) with OpenMP...

Computing time delays (Tau) with OpenMP...

Computing time delays (Tau) with OpenMP...

Computing time delays (Tau) with OpenMP...
Computing form factors (Kij) with MPI+OpenMP...
Computing form factors (Kij) with MPI+OpenMP...
Computing form factors (Kij) with MPI+OpenMP...
Computing form factors (Kij) with MPI+OpenMP...
